{
  "personident": "2850955164683",
  "aktivDato": "2024-12-01",
  "prioritet": "LAV",
  "tema": "GEN",
  "oppgavetype": "JFR",
  "behandlingstema": "test",
  "behandlingstype": "test",
  "journalpostId": "453857123",
  "saksreferanse": "test",
  "tildeltEnhetsnr": "test",
  "beskrivelse": "desc",
  "fristFerdigstillelse": "2024-12-01",
  "opprettetAvEnhetsnr": "test",
  "metadata": {
    "RINA_SAKID": "123"
  }
}
