{
  "message": "Det eksisterer allerede en oppgavestatus med gitt uuid"
}