{
  "versjon": 4,
  "tilordnetRessurs": null,
  "tildeltEnhetsnr": "2950",
  "kommentar": {
    "tekst": "en kommentar",
    "automatiskGenerert": false
  },
  "beskrivelse": "--- 05.08.2024 12:39 (ukjent) ---\nen kommentar\n\ndesc"
}
