{
  "versjon": 4,
  "tilordnetRessurs": null,
  "status": "FERDIGSTILT",
  "personident": "2850955164683"
}